Read offset 0 with size 102 (beyond eof and buf size), data  pointer 0
Read offset 0 with size 25, data Hit or Miss, I guess? pointer 21
