Read with len = 11, org len = 0, new_len = 0, str = Hit or Miss
String from offset 11 with len 5: , I g
