Nearest font to Series 60 Sans is: Series 60 Sans Regular (family: Series 60 Sans). Font ascent: 7, descent: 2, max depth: 2, max height: 9, max width: 15
