DummyServ: Divide org Sh! Divide me, if no i will asdskjwajekacjk str1 Sh str2 ! Divide me, if no i will asdskjwajekacjk
Evil string divide request returns code -9
