DummyServ: GetHash in 50, out 3299698, expect 3299698 result 0
