DummyServ: GetSecertStruct magic 2019 num1 12 num2 70
